eadas error
hi
errors
asdsa error.
file not found...
couldn't load.
